1009
1013
1019
1021
1031
1033
1039
1049
1051
1061
