123
456
789
x: x23
456
789
o: xo3
456
789
x: xox
456
789
o: xox
o56
789
