123
456
789
x: x23
456
789
o: x23
456
789
o: x23
456
789
o: x2o
456
789
x: x2o
456
789
x: x2o
456
789
x: xxo
456
789
o: xxo
456
789
o: xxo
456
789
o: xxo
4o6
789
