1001000110101111011111000100100011000000011100110
