red: green
blue: green
green: red blue
yellow: black
black: yellow
