0 formatted lines written to yourOutput/text_1_formatted.txt
