1 formatted lines written to yourOutput/text_2_formatted.txt
