7 formatted lines written to yourOutput/text_3_formatted.txt
