13 formatted lines written to yourOutput/text_4_formatted.txt
