4 formatted lines written to yourOutput/text_5_formatted.txt
