17 formatted lines written to yourOutput/text_6_formatted.txt
