11 formatted lines written to yourOutput/text_7_formatted.txt
